// Jest Snapshot v1, https://goo.gl/fbAQLP

exports[`App renders without crashing. 1`] = `
<div>
  <div>
    <form
      onSubmit={[Function]}
    >
      <input />
      <button
        type="submit"
      >
        Add Todo
      </button>
    </form>
  </div>
  <ul />
  <p>
    Show:
     
    <span>
      All
    </span>
    , 
    <a
      href=""
      onClick={[Function]}
    >
      Active
    </a>
    , 
    <a
      href=""
      onClick={[Function]}
    >
      Completed
    </a>
    <input
      checked={true}
      onChange={[Function]}
      type="checkbox"
    />
    Time Added
  </p>
</div>
`;
